Danielles-MBP:lesson02 danicoates$ python -m pdb charges_calc.py 
> /Users/danicoates/Desktop/bcoates_py220/SP_Python220B_2019/students/bcoates/lesson02/charges_calc.py(3)<module>()
-> '''
(Pdb) ll
  1  	'''
  2  	Returns total price paid for individual rentals
  3  ->	'''
  4  	import argparse
  5  	import json
  6  	import datetime
  7  	import math
  8  	
  9  	def parse_cmd_arguments():
 10  	    parser = argparse.ArgumentParser(description='Process some integers.')
 11  	    parser.add_argument('-i', '--input', help='input JSON file', required=True)
 12  	    parser.add_argument('-o', '--output', help='ouput JSON file', required=True)
 13  	
 14  	    return parser.parse_args()
 15  	
 16  	
 17  	def load_rentals_file(filename):
 18  	    with open(filename) as file:
 19  	        try:
 20  	            data = json.load(file)
 21  	        except:
 22  	            exit(0)
 23  	    return data
 24  	
 25  	def calculate_additional_fields(data):
 26  	    for value in data.values():
 27  	        try:
 28  	            rental_start = datetime.datetime.strptime(value['rental_start'], '%m/%d/%y')
 29  	            rental_end = datetime.datetime.strptime(value['rental_end'], '%m/%d/%y')
 30  	            value['total_days'] = (rental_end - rental_start).days
 31  	            value['total_price'] = value['total_days'] * value['price_per_day']
 32  	            value['sqrt_total_price'] = math.sqrt(value['total_price'])
 33  	            value['unit_cost'] = value['total_price'] / value['units_rented']
 34  	        except:
 35  	            exit(0)
 36  	
 37  	    return data
 38  	
 39  	def save_to_json(filename, data):
 40  	    with open(filename, 'w') as file:
 41  	        json.dump(data, file)
 42  	
 43  	if __name__ == "__main__":
 44  	    args = parse_cmd_arguments()
 45  	    data = load_rentals_file(args.input)
 46  	    data = calculate_additional_fields(data)
 47  	    save_to_json(args.output, data)
(Pdb) n
> /Users/danicoates/Desktop/bcoates_py220/SP_Python220B_2019/students/bcoates/lesson02/charges_calc.py(4)<module>()
-> import argparse
(Pdb) n
> /Users/danicoates/Desktop/bcoates_py220/SP_Python220B_2019/students/bcoates/lesson02/charges_calc.py(5)<module>()
-> import json
(Pdb) n
> /Users/danicoates/Desktop/bcoates_py220/SP_Python220B_2019/students/bcoates/lesson02/charges_calc.py(6)<module>()
-> import datetime
(Pdb) n
> /Users/danicoates/Desktop/bcoates_py220/SP_Python220B_2019/students/bcoates/lesson02/charges_calc.py(7)<module>()
-> import math
(Pdb) n
> /Users/danicoates/Desktop/bcoates_py220/SP_Python220B_2019/students/bcoates/lesson02/charges_calc.py(9)<module>()
-> def parse_cmd_arguments():
(Pdb) n
> /Users/danicoates/Desktop/bcoates_py220/SP_Python220B_2019/students/bcoates/lesson02/charges_calc.py(17)<module>()
-> def load_rentals_file(filename):
(Pdb) n
> /Users/danicoates/Desktop/bcoates_py220/SP_Python220B_2019/students/bcoates/lesson02/charges_calc.py(25)<module>()
-> def calculate_additional_fields(data):
(Pdb) n
> /Users/danicoates/Desktop/bcoates_py220/SP_Python220B_2019/students/bcoates/lesson02/charges_calc.py(39)<module>()
-> def save_to_json(filename, data):
(Pdb) n
> /Users/danicoates/Desktop/bcoates_py220/SP_Python220B_2019/students/bcoates/lesson02/charges_calc.py(43)<module>()
-> if __name__ == "__main__":
(Pdb) n
> /Users/danicoates/Desktop/bcoates_py220/SP_Python220B_2019/students/bcoates/lesson02/charges_calc.py(44)<module>()
-> args = parse_cmd_arguments()
(Pdb) s
--Call--
> /Users/danicoates/Desktop/bcoates_py220/SP_Python220B_2019/students/bcoates/lesson02/charges_calc.py(9)parse_cmd_arguments()
-> def parse_cmd_arguments():
(Pdb) n
> /Users/danicoates/Desktop/bcoates_py220/SP_Python220B_2019/students/bcoates/lesson02/charges_calc.py(10)parse_cmd_arguments()
-> parser = argparse.ArgumentParser(description='Process some integers.')
(Pdb) n
> /Users/danicoates/Desktop/bcoates_py220/SP_Python220B_2019/students/bcoates/lesson02/charges_calc.py(11)parse_cmd_arguments()
-> parser.add_argument('-i', '--input', help='input JSON file', required=True)
(Pdb) n
> /Users/danicoates/Desktop/bcoates_py220/SP_Python220B_2019/students/bcoates/lesson02/charges_calc.py(12)parse_cmd_arguments()
-> parser.add_argument('-o', '--output', help='ouput JSON file', required=True)
(Pdb) n
> /Users/danicoates/Desktop/bcoates_py220/SP_Python220B_2019/students/bcoates/lesson02/charges_calc.py(14)parse_cmd_arguments()
-> return parser.parse_args()
(Pdb) n
usage: charges_calc.py [-h] -i INPUT -o OUTPUT
charges_calc.py: error: the following arguments are required: -i/--input, -o/--output
SystemExit: 2
> /Users/danicoates/Desktop/bcoates_py220/SP_Python220B_2019/students/bcoates/lesson02/charges_calc.py(14)parse_cmd_arguments()
-> return parser.parse_args()
(Pdb) q
Danielles-MBP:lesson02 danicoates$ python -m pdb charges_calc.py -i source.json -o test.json
> /Users/danicoates/Desktop/bcoates_py220/SP_Python220B_2019/students/bcoates/lesson02/charges_calc.py(3)<module>()
-> '''
(Pdb) n
> /Users/danicoates/Desktop/bcoates_py220/SP_Python220B_2019/students/bcoates/lesson02/charges_calc.py(4)<module>()
-> import argparse
(Pdb) n
> /Users/danicoates/Desktop/bcoates_py220/SP_Python220B_2019/students/bcoates/lesson02/charges_calc.py(5)<module>()
-> import json
(Pdb) n
> /Users/danicoates/Desktop/bcoates_py220/SP_Python220B_2019/students/bcoates/lesson02/charges_calc.py(6)<module>()
-> import datetime
(Pdb) n
> /Users/danicoates/Desktop/bcoates_py220/SP_Python220B_2019/students/bcoates/lesson02/charges_calc.py(7)<module>()
-> import math
(Pdb) n
> /Users/danicoates/Desktop/bcoates_py220/SP_Python220B_2019/students/bcoates/lesson02/charges_calc.py(9)<module>()
-> def parse_cmd_arguments():
(Pdb) n
> /Users/danicoates/Desktop/bcoates_py220/SP_Python220B_2019/students/bcoates/lesson02/charges_calc.py(17)<module>()
-> def load_rentals_file(filename):
(Pdb) n
> /Users/danicoates/Desktop/bcoates_py220/SP_Python220B_2019/students/bcoates/lesson02/charges_calc.py(25)<module>()
-> def calculate_additional_fields(data):
(Pdb) n
> /Users/danicoates/Desktop/bcoates_py220/SP_Python220B_2019/students/bcoates/lesson02/charges_calc.py(39)<module>()
-> def save_to_json(filename, data):
(Pdb) n
> /Users/danicoates/Desktop/bcoates_py220/SP_Python220B_2019/students/bcoates/lesson02/charges_calc.py(43)<module>()
-> if __name__ == "__main__":
(Pdb) n
> /Users/danicoates/Desktop/bcoates_py220/SP_Python220B_2019/students/bcoates/lesson02/charges_calc.py(44)<module>()
-> args = parse_cmd_arguments()
(Pdb) s
--Call--
> /Users/danicoates/Desktop/bcoates_py220/SP_Python220B_2019/students/bcoates/lesson02/charges_calc.py(9)parse_cmd_arguments()
-> def parse_cmd_arguments():
(Pdb) n
> /Users/danicoates/Desktop/bcoates_py220/SP_Python220B_2019/students/bcoates/lesson02/charges_calc.py(10)parse_cmd_arguments()
-> parser = argparse.ArgumentParser(description='Process some integers.')
(Pdb) n
> /Users/danicoates/Desktop/bcoates_py220/SP_Python220B_2019/students/bcoates/lesson02/charges_calc.py(11)parse_cmd_arguments()
-> parser.add_argument('-i', '--input', help='input JSON file', required=True)
(Pdb) n
> /Users/danicoates/Desktop/bcoates_py220/SP_Python220B_2019/students/bcoates/lesson02/charges_calc.py(12)parse_cmd_arguments()
-> parser.add_argument('-o', '--output', help='ouput JSON file', required=True)
(Pdb) n
> /Users/danicoates/Desktop/bcoates_py220/SP_Python220B_2019/students/bcoates/lesson02/charges_calc.py(14)parse_cmd_arguments()
-> return parser.parse_args()
(Pdb) n
--Return--
> /Users/danicoates/Desktop/bcoates_py220/SP_Python220B_2019/students/bcoates/lesson02/charges_calc.py(14)parse_cmd_arguments()->Namespace(inp...t='test.json')
-> return parser.parse_args()
(Pdb) n
> /Users/danicoates/Desktop/bcoates_py220/SP_Python220B_2019/students/bcoates/lesson02/charges_calc.py(45)<module>()
-> data = load_rentals_file(args.input)
(Pdb) ll
  1  	'''
  2  	Returns total price paid for individual rentals
  3  	'''
  4  	import argparse
  5  	import json
  6  	import datetime
  7  	import math
  8  	
  9  	def parse_cmd_arguments():
 10  	    parser = argparse.ArgumentParser(description='Process some integers.')
 11  	    parser.add_argument('-i', '--input', help='input JSON file', required=True)
 12  	    parser.add_argument('-o', '--output', help='ouput JSON file', required=True)
 13  	
 14  	    return parser.parse_args()
 15  	
 16  	
 17  	def load_rentals_file(filename):
 18  	    with open(filename) as file:
 19  	        try:
 20  	            data = json.load(file)
 21  	        except:
 22  	            exit(0)
 23  	    return data
 24  	
 25  	def calculate_additional_fields(data):
 26  	    for value in data.values():
 27  	        try:
 28  	            rental_start = datetime.datetime.strptime(value['rental_start'], '%m/%d/%y')
 29  	            rental_end = datetime.datetime.strptime(value['rental_end'], '%m/%d/%y')
 30  	            value['total_days'] = (rental_end - rental_start).days
 31  	            value['total_price'] = value['total_days'] * value['price_per_day']
 32  	            value['sqrt_total_price'] = math.sqrt(value['total_price'])
 33  	            value['unit_cost'] = value['total_price'] / value['units_rented']
 34  	        except:
 35  	            exit(0)
 36  	
 37  	    return data
 38  	
 39  	def save_to_json(filename, data):
 40  	    with open(filename, 'w') as file:
 41  	        json.dump(data, file)
 42  	
 43  	if __name__ == "__main__":
 44  	    args = parse_cmd_arguments()
 45  ->	    data = load_rentals_file(args.input)
 46  	    data = calculate_additional_fields(data)
 47  	    save_to_json(args.output, data)
(Pdb) s
--Call--
--Call--
> /Users/danicoates/Desktop/bcoates_py220/SP_Python220B_2019/students/bcoates/lesson02/charges_calc.py(17)load_rentals_file()
-> def load_rentals_file(filename):
(Pdb) n
> /Users/danicoates/Desktop/bcoates_py220/SP_Python220B_2019/students/bcoates/lesson02/charges_calc.py(18)load_rentals_file()
-> with open(filename) as file:
(Pdb) n
> /Users/danicoates/Desktop/bcoates_py220/SP_Python220B_2019/students/bcoates/lesson02/charges_calc.py(19)load_rentals_file()
-> try:
(Pdb) n
> /Users/danicoates/Desktop/bcoates_py220/SP_Python220B_2019/students/bcoates/lesson02/charges_calc.py(20)load_rentals_file()
-> data = json.load(file)
(Pdb) n
> /Users/danicoates/Desktop/bcoates_py220/SP_Python220B_2019/students/bcoates/lesson02/charges_calc.py(23)load_rentals_file()
-> return data
(Pdb) n
--Return--
> /Users/danicoates/Desktop/bcoates_py220/SP_Python220B_2019/students/bcoates/lesson02/charges_calc.py(23)load_rentals_file()->{'RNT001': {'price_per_day': 31, 'product_code': 'PRD80', 'rental_end': '3/22/17', 'rental_start': '6/12/17', ...}, 'RNT002': {'price_per_day': 16, 'product_code': 'PRD11', 'rental_end': '9/30/18', 'rental_start': '7/20/16', ...}, 'RNT003': {'price_per_day': 40, 'product_code': 'PRD22', 'rental_end': '6/4/17', 'rental_start': '2/1/16', ...}, 'RNT004': {'price_per_day': 40, 'product_code': 'PRD86', 'rental_end': '12/7/17', 'rental_start': '8/14/16', ...}, ...}
-> return data
(Pdb) n
> /Users/danicoates/Desktop/bcoates_py220/SP_Python220B_2019/students/bcoates/lesson02/charges_calc.py(46)<module>()
-> data = calculate_additional_fields(data)
(Pdb) ll
  1  	'''
  2  	Returns total price paid for individual rentals
  3  	'''
  4  	import argparse
  5  	import json
  6  	import datetime
  7  	import math
  8  	
  9  	def parse_cmd_arguments():
 10  	    parser = argparse.ArgumentParser(description='Process some integers.')
 11  	    parser.add_argument('-i', '--input', help='input JSON file', required=True)
 12  	    parser.add_argument('-o', '--output', help='ouput JSON file', required=True)
 13  	
 14  	    return parser.parse_args()
 15  	
 16  	
 17  	def load_rentals_file(filename):
 18  	    with open(filename) as file:
 19  	        try:
 20  	            data = json.load(file)
 21  	        except:
 22  	            exit(0)
 23  	    return data
 24  	
 25  	def calculate_additional_fields(data):
 26  	    for value in data.values():
 27  	        try:
 28  	            rental_start = datetime.datetime.strptime(value['rental_start'], '%m/%d/%y')
 29  	            rental_end = datetime.datetime.strptime(value['rental_end'], '%m/%d/%y')
 30  	            value['total_days'] = (rental_end - rental_start).days
 31  	            value['total_price'] = value['total_days'] * value['price_per_day']
 32  	            value['sqrt_total_price'] = math.sqrt(value['total_price'])
 33  	            value['unit_cost'] = value['total_price'] / value['units_rented']
 34  	        except:
 35  	            exit(0)
 36  	
 37  	    return data
 38  	
 39  	def save_to_json(filename, data):
 40  	    with open(filename, 'w') as file:
 41  	        json.dump(data, file)
 42  	
 43  	if __name__ == "__main__":
 44  	    args = parse_cmd_arguments()
 45  	    data = load_rentals_file(args.input)
 46  ->	    data = calculate_additional_fields(data)
 47  	    save_to_json(args.output, data)
(Pdb) s
--Call--
> /Users/danicoates/Desktop/bcoates_py220/SP_Python220B_2019/students/bcoates/lesson02/charges_calc.py(25)calculate_additional_fields()
-> def calculate_additional_fields(data):
(Pdb) n
> /Users/danicoates/Desktop/bcoates_py220/SP_Python220B_2019/students/bcoates/lesson02/charges_calc.py(26)calculate_additional_fields()
-> for value in data.values():
(Pdb) n
> /Users/danicoates/Desktop/bcoates_py220/SP_Python220B_2019/students/bcoates/lesson02/charges_calc.py(27)calculate_additional_fields()
-> try:
(Pdb) n
> /Users/danicoates/Desktop/bcoates_py220/SP_Python220B_2019/students/bcoates/lesson02/charges_calc.py(28)calculate_additional_fields()
-> rental_start = datetime.datetime.strptime(value['rental_start'], '%m/%d/%y')
(Pdb) n
> /Users/danicoates/Desktop/bcoates_py220/SP_Python220B_2019/students/bcoates/lesson02/charges_calc.py(29)calculate_additional_fields()
-> rental_end = datetime.datetime.strptime(value['rental_end'], '%m/%d/%y')
(Pdb) pp rental_start
datetime.datetime(2017, 6, 12, 0, 0)
(Pdb) n
> /Users/danicoates/Desktop/bcoates_py220/SP_Python220B_2019/students/bcoates/lesson02/charges_calc.py(30)calculate_additional_fields()
-> value['total_days'] = (rental_end - rental_start).days
(Pdb) pp rental_end
datetime.datetime(2017, 3, 22, 0, 0)
(Pdb) n
> /Users/danicoates/Desktop/bcoates_py220/SP_Python220B_2019/students/bcoates/lesson02/charges_calc.py(31)calculate_additional_fields()
-> value['total_price'] = value['total_days'] * value['price_per_day']
(Pdb) pp value
{'price_per_day': 31,
 'product_code': 'PRD80',
 'rental_end': '3/22/17',
 'rental_start': '6/12/17',
 'total_days': -82,
 'units_rented': 8}
(Pdb) n
> /Users/danicoates/Desktop/bcoates_py220/SP_Python220B_2019/students/bcoates/lesson02/charges_calc.py(32)calculate_additional_fields()
-> value['sqrt_total_price'] = math.sqrt(value['total_price'])
(Pdb) pp value
{'price_per_day': 31,
 'product_code': 'PRD80',
 'rental_end': '3/22/17',
 'rental_start': '6/12/17',
 'total_days': -82,
 'total_price': -2542,
 'units_rented': 8}
(Pdb) n
ValueError: math domain error
> /Users/danicoates/Desktop/bcoates_py220/SP_Python220B_2019/students/bcoates/lesson02/charges_calc.py(32)calculate_additional_fields()
-> value['sqrt_total_price'] = math.sqrt(value['total_price'])
(Pdb) n
> /Users/danicoates/Desktop/bcoates_py220/SP_Python220B_2019/students/bcoates/lesson02/charges_calc.py(34)calculate_additional_fields()
-> except:
(Pdb) n
> /Users/danicoates/Desktop/bcoates_py220/SP_Python220B_2019/students/bcoates/lesson02/charges_calc.py(35)calculate_additional_fields()
-> exit(0)
(Pdb) n
SystemExit: 0
> /Users/danicoates/Desktop/bcoates_py220/SP_Python220B_2019/students/bcoates/lesson02/charges_calc.py(35)calculate_additional_fields()
-> exit(0)
(Pdb) Traceback (most recent call last):
  File "/Users/danicoates/Desktop/bcoates_py220/SP_Python220B_2019/students/bcoates/lesson02/charges_calc.py", line 32, in calculate_additional_fields
    value['sqrt_total_price'] = math.sqrt(value['total_price'])
ValueError: math domain error

During handling of the above exception, another exception occurred:

Traceback (most recent call last):
  File "/anaconda3/lib/python3.7/pdb.py", line 1697, in main
    pdb._runscript(mainpyfile)
  File "/anaconda3/lib/python3.7/pdb.py", line 1566, in _runscript
    self.run(statement)
  File "/anaconda3/lib/python3.7/bdb.py", line 585, in run
    exec(cmd, globals, locals)
  File "<string>", line 1, in <module>
  File "/Users/danicoates/Desktop/bcoates_py220/SP_Python220B_2019/students/bcoates/lesson02/charges_calc.py", line 46, in <module>
    data = calculate_additional_fields(data)
  File "/Users/danicoates/Desktop/bcoates_py220/SP_Python220B_2019/students/bcoates/lesson02/charges_calc.py", line 35, in calculate_additional_fields
    exit(0)
  File "/anaconda3/lib/python3.7/bdb.py", line 94, in trace_dispatch
    return self.dispatch_exception(frame, arg)
  File "/anaconda3/lib/python3.7/bdb.py", line 173, in dispatch_exception
    self.user_exception(frame, arg)
  File "/anaconda3/lib/python3.7/pdb.py", line 312, in user_exception
    self.interaction(frame, exc_traceback)
  File "/anaconda3/lib/python3.7/pdb.py", line 352, in interaction
    self._cmdloop()
  File "/anaconda3/lib/python3.7/pdb.py", line 321, in _cmdloop
    self.cmdloop()
  File "/anaconda3/lib/python3.7/cmd.py", line 126, in cmdloop
    line = input(self.prompt)
ValueError: I/O operation on closed file.
Uncaught exception. Entering post mortem debugging
Running 'cont' or 'step' will restart the program
> /anaconda3/lib/python3.7/cmd.py(126)cmdloop()
-> line = input(self.prompt)
(Pdb) Traceback (most recent call last):
  File "/Users/danicoates/Desktop/bcoates_py220/SP_Python220B_2019/students/bcoates/lesson02/charges_calc.py", line 32, in calculate_additional_fields
    value['sqrt_total_price'] = math.sqrt(value['total_price'])
ValueError: math domain error

During handling of the above exception, another exception occurred:

Traceback (most recent call last):
  File "/anaconda3/lib/python3.7/pdb.py", line 1697, in main
    pdb._runscript(mainpyfile)
  File "/anaconda3/lib/python3.7/pdb.py", line 1566, in _runscript
    self.run(statement)
  File "/anaconda3/lib/python3.7/bdb.py", line 585, in run
    exec(cmd, globals, locals)
  File "<string>", line 1, in <module>
  File "/Users/danicoates/Desktop/bcoates_py220/SP_Python220B_2019/students/bcoates/lesson02/charges_calc.py", line 46, in <module>
    data = calculate_additional_fields(data)
  File "/Users/danicoates/Desktop/bcoates_py220/SP_Python220B_2019/students/bcoates/lesson02/charges_calc.py", line 35, in calculate_additional_fields
    exit(0)
  File "/anaconda3/lib/python3.7/bdb.py", line 94, in trace_dispatch
    return self.dispatch_exception(frame, arg)
  File "/anaconda3/lib/python3.7/bdb.py", line 173, in dispatch_exception
    self.user_exception(frame, arg)
  File "/anaconda3/lib/python3.7/pdb.py", line 312, in user_exception
    self.interaction(frame, exc_traceback)
  File "/anaconda3/lib/python3.7/pdb.py", line 352, in interaction
    self._cmdloop()
  File "/anaconda3/lib/python3.7/pdb.py", line 321, in _cmdloop
    self.cmdloop()
  File "/anaconda3/lib/python3.7/cmd.py", line 126, in cmdloop
    line = input(self.prompt)
ValueError: I/O operation on closed file.

During handling of the above exception, another exception occurred:

Traceback (most recent call last):
  File "/anaconda3/lib/python3.7/runpy.py", line 193, in _run_module_as_main
    "__main__", mod_spec)
  File "/anaconda3/lib/python3.7/runpy.py", line 85, in _run_code
    exec(code, run_globals)
  File "/anaconda3/lib/python3.7/pdb.py", line 1724, in <module>
    pdb.main()
  File "/anaconda3/lib/python3.7/pdb.py", line 1716, in main
    pdb.interaction(None, t)
  File "/anaconda3/lib/python3.7/pdb.py", line 352, in interaction
    self._cmdloop()
  File "/anaconda3/lib/python3.7/pdb.py", line 321, in _cmdloop
    self.cmdloop()
  File "/anaconda3/lib/python3.7/cmd.py", line 126, in cmdloop
    line = input(self.prompt)
ValueError: I/O operation on closed file.
Danielles-MBP:lesson02 danicoates$ python -m pdb charges_calc.py -i source.json -o test.json
> /Users/danicoates/Desktop/bcoates_py220/SP_Python220B_2019/students/bcoates/lesson02/charges_calc.py(3)<module>()
-> '''
(Pdb) b 32
Breakpoint 1 at /Users/danicoates/Desktop/bcoates_py220/SP_Python220B_2019/students/bcoates/lesson02/charges_calc.py:32
(Pdb) c
> /Users/danicoates/Desktop/bcoates_py220/SP_Python220B_2019/students/bcoates/lesson02/charges_calc.py(32)calculate_additional_fields()
-> value['sqrt_total_price'] = math.sqrt(value['total_price'])
(Pdb) pp value
{'price_per_day': 31,
 'product_code': 'PRD80',
 'rental_end': '3/22/17',
 'rental_start': '6/12/17',
 'total_days': -82,
 'total_price': -2542,
 'units_rented': 8}

Danielles-MBP:lesson02 danicoates$ python -m pdb charges_calc.py -i source.json -o test.json
> /Users/danicoates/Desktop/bcoates_py220/SP_Python220B_2019/students/bcoates/lesson02/charges_calc.py(3)<module>()
-> '''
(Pdb) b 32
Breakpoint 1 at /Users/danicoates/Desktop/bcoates_py220/SP_Python220B_2019/students/bcoates/lesson02/charges_calc.py:32
(Pdb) c
> /Users/danicoates/Desktop/bcoates_py220/SP_Python220B_2019/students/bcoates/lesson02/charges_calc.py(32)calculate_additional_fields()
-> value['sqrt_total_price'] = math.sqrt(value['total_price'])
(Pdb) pp value
{'price_per_day': 31,
 'product_code': 'PRD80',
 'rental_end': '3/22/17',
 'rental_start': '6/12/17',
 'total_days': 82,
 'total_price': 2542,
 'units_rented': 8}
(Pdb) 
Danielles-MBP:lesson02 danicoates$ python -m pdb charges_calc.py -i source.json -o test.json
> /Users/danicoates/Desktop/bcoates_py220/SP_Python220B_2019/students/bcoates/lesson02/charges_calc.py(3)<module>()
-> '''
(Pdb) b 32
Breakpoint 1 at /Users/danicoates/Desktop/bcoates_py220/SP_Python220B_2019/students/bcoates/lesson02/charges_calc.py:32
(Pdb) c
> /Users/danicoates/Desktop/bcoates_py220/SP_Python220B_2019/students/bcoates/lesson02/charges_calc.py(32)calculate_additional_fields()
-> value['sqrt_total_price'] = math.sqrt(value['total_price'])
(Pdb) pp value
{'price_per_day': 31,
 'product_code': 'PRD80',
 'rental_end': '3/22/17',
 'rental_start': '6/12/17',
 'total_days': 82,
 'total_price': 2542,
 'units_rented': 8}
(Pdb) n
> /Users/danicoates/Desktop/bcoates_py220/SP_Python220B_2019/students/bcoates/lesson02/charges_calc.py(33)calculate_additional_fields()
-> value['unit_cost'] = value['total_price'] / value['units_rented']
(Pdb) pp value
{'price_per_day': 31,
 'product_code': 'PRD80',
 'rental_end': '3/22/17',
 'rental_start': '6/12/17',
 'sqrt_total_price': 50.41825066382212,
 'total_days': 82,
 'total_price': 2542,
 'units_rented': 8}
(Pdb) n
> /Users/danicoates/Desktop/bcoates_py220/SP_Python220B_2019/students/bcoates/lesson02/charges_calc.py(26)calculate_additional_fields()
-> for value in data.values():
(Pdb) pp value
{'price_per_day': 31,
 'product_code': 'PRD80',
 'rental_end': '3/22/17',
 'rental_start': '6/12/17',
 'sqrt_total_price': 50.41825066382212,
 'total_days': 82,
 'total_price': 2542,
 'unit_cost': 317.75,
 'units_rented': 8}
(Pdb) n
> /Users/danicoates/Desktop/bcoates_py220/SP_Python220B_2019/students/bcoates/lesson02/charges_calc.py(27)calculate_additional_fields()
-> try:
(Pdb) n
> /Users/danicoates/Desktop/bcoates_py220/SP_Python220B_2019/students/bcoates/lesson02/charges_calc.py(28)calculate_additional_fields()
-> rental_start = datetime.datetime.strptime(value['rental_start'], '%m/%d/%y')
(Pdb) ll
 25  	def calculate_additional_fields(data):
 26  	    for value in data.values():
 27  	        try:
 28  ->	            rental_start = datetime.datetime.strptime(value['rental_start'], '%m/%d/%y')
 29  	            rental_end = datetime.datetime.strptime(value['rental_end'], '%m/%d/%y')
 30  	            value['total_days'] = (rental_start - rental_end).days
 31  	            value['total_price'] = value['total_days'] * value['price_per_day']
 32 B	            value['sqrt_total_price'] = math.sqrt(value['total_price'])
 33  	            value['unit_cost'] = value['total_price'] / value['units_rented']
 34  	        except:
 35  	            exit(0)
 36  	
 37  	    return data
(Pdb) c
> /Users/danicoates/Desktop/bcoates_py220/SP_Python220B_2019/students/bcoates/lesson02/charges_calc.py(32)calculate_additional_fields()
-> value['sqrt_total_price'] = math.sqrt(value['total_price'])
(Pdb) pp value
{'price_per_day': 16,
 'product_code': 'PRD11',
 'rental_end': '9/30/18',
 'rental_start': '7/20/16',
 'total_days': -802,
 'total_price': -12832,
 'units_rented': 1}
(Pdb) q

Danielles-MBP:lesson02 danicoates$ python -m pdb charges_calc.py -i source.json -o test.json
> /Users/danicoates/Desktop/bcoates_py220/SP_Python220B_2019/students/bcoates/lesson02/charges_calc.py(3)<module>()
-> '''
(Pdb) b 32
Breakpoint 1 at /Users/danicoates/Desktop/bcoates_py220/SP_Python220B_2019/students/bcoates/lesson02/charges_calc.py:32
(Pdb) condition 1 value['total_days'] < 0
New condition set for breakpoint 1.
(Pdb) c
> /Users/danicoates/Desktop/bcoates_py220/SP_Python220B_2019/students/bcoates/lesson02/charges_calc.py(32)calculate_additional_fields()
-> value['sqrt_total_price'] = math.sqrt(value['total_price'])
(Pdb) pp value
{'price_per_day': 16,
 'product_code': 'PRD11',
 'rental_end': '9/30/18',
 'rental_start': '7/20/16',
 'total_days': -802,
 'total_price': -12832,
 'units_rented': 1}
(Pdb) q

Danielles-MBP:lesson02 danicoates$ python -m pdb charges_calc.py -i source.json -o test.json
> /Users/danicoates/Desktop/bcoates_py220/SP_Python220B_2019/students/bcoates/lesson02/charges_calc.py(3)<module>()
-> '''
(Pdb) b 32
Breakpoint 1 at /Users/danicoates/Desktop/bcoates_py220/SP_Python220B_2019/students/bcoates/lesson02/charges_calc.py:32
(Pdb) condition 1 value['total_days'] < 0
New condition set for breakpoint 1.
(Pdb) c
The program exited via sys.exit(). Exit status: 0
> /Users/danicoates/Desktop/bcoates_py220/SP_Python220B_2019/students/bcoates/lesson02/charges_calc.py(3)<module>()
-> '''
(Pdb) Traceback (most recent call last):
  File "/anaconda3/lib/python3.7/pdb.py", line 1697, in main
    pdb._runscript(mainpyfile)
  File "/anaconda3/lib/python3.7/pdb.py", line 1566, in _runscript
    self.run(statement)
  File "/anaconda3/lib/python3.7/bdb.py", line 585, in run
    exec(cmd, globals, locals)
  File "<string>", line 1, in <module>
  File "/Users/danicoates/Desktop/bcoates_py220/SP_Python220B_2019/students/bcoates/lesson02/charges_calc.py", line 3, in <module>
    '''
  File "/Users/danicoates/Desktop/bcoates_py220/SP_Python220B_2019/students/bcoates/lesson02/charges_calc.py", line 3, in <module>
    '''
  File "/anaconda3/lib/python3.7/bdb.py", line 88, in trace_dispatch
    return self.dispatch_line(frame)
  File "/anaconda3/lib/python3.7/bdb.py", line 112, in dispatch_line
    self.user_line(frame)
  File "/anaconda3/lib/python3.7/pdb.py", line 261, in user_line
    self.interaction(frame, None)
  File "/anaconda3/lib/python3.7/pdb.py", line 352, in interaction
    self._cmdloop()
  File "/anaconda3/lib/python3.7/pdb.py", line 321, in _cmdloop
    self.cmdloop()
  File "/anaconda3/lib/python3.7/cmd.py", line 126, in cmdloop
    line = input(self.prompt)
ValueError: I/O operation on closed file.
Uncaught exception. Entering post mortem debugging
Running 'cont' or 'step' will restart the program
> /anaconda3/lib/python3.7/cmd.py(126)cmdloop()
-> line = input(self.prompt)
(Pdb) Traceback (most recent call last):
  File "/anaconda3/lib/python3.7/pdb.py", line 1697, in main
    pdb._runscript(mainpyfile)
  File "/anaconda3/lib/python3.7/pdb.py", line 1566, in _runscript
    self.run(statement)
  File "/anaconda3/lib/python3.7/bdb.py", line 585, in run
    exec(cmd, globals, locals)
  File "<string>", line 1, in <module>
  File "/Users/danicoates/Desktop/bcoates_py220/SP_Python220B_2019/students/bcoates/lesson02/charges_calc.py", line 3, in <module>
    '''
  File "/Users/danicoates/Desktop/bcoates_py220/SP_Python220B_2019/students/bcoates/lesson02/charges_calc.py", line 3, in <module>
    '''
  File "/anaconda3/lib/python3.7/bdb.py", line 88, in trace_dispatch
    return self.dispatch_line(frame)
  File "/anaconda3/lib/python3.7/bdb.py", line 112, in dispatch_line
    self.user_line(frame)
  File "/anaconda3/lib/python3.7/pdb.py", line 261, in user_line
    self.interaction(frame, None)
  File "/anaconda3/lib/python3.7/pdb.py", line 352, in interaction
    self._cmdloop()
  File "/anaconda3/lib/python3.7/pdb.py", line 321, in _cmdloop
    self.cmdloop()
  File "/anaconda3/lib/python3.7/cmd.py", line 126, in cmdloop
    line = input(self.prompt)
ValueError: I/O operation on closed file.

During handling of the above exception, another exception occurred:

Traceback (most recent call last):
  File "/anaconda3/lib/python3.7/runpy.py", line 193, in _run_module_as_main
    "__main__", mod_spec)
  File "/anaconda3/lib/python3.7/runpy.py", line 85, in _run_code
    exec(code, run_globals)
  File "/anaconda3/lib/python3.7/pdb.py", line 1724, in <module>
    pdb.main()
  File "/anaconda3/lib/python3.7/pdb.py", line 1716, in main
    pdb.interaction(None, t)
  File "/anaconda3/lib/python3.7/pdb.py", line 352, in interaction
    self._cmdloop()
  File "/anaconda3/lib/python3.7/pdb.py", line 321, in _cmdloop
    self.cmdloop()
  File "/anaconda3/lib/python3.7/cmd.py", line 126, in cmdloop
    line = input(self.prompt)
ValueError: I/O operation on closed file.

Danielles-MBP:lesson02 danicoates$ python -m pdb charges_calc.py -i source.json -o test.json
> /Users/danicoates/Desktop/bcoates_py220/SP_Python220B_2019/students/bcoates/lesson02/charges_calc.py(3)<module>()
-> '''
(Pdb) b 35
Breakpoint 1 at /Users/danicoates/Desktop/bcoates_py220/SP_Python220B_2019/students/bcoates/lesson02/charges_calc.py:35
(Pdb) c
> /Users/danicoates/Desktop/bcoates_py220/SP_Python220B_2019/students/bcoates/lesson02/charges_calc.py(35)calculate_additional_fields()
-> exit(0)
(Pdb) pp value
{'price_per_day': 14,
 'product_code': 'PRD70',
 'rental_end': '',
 'rental_start': '6/19/16',
 'units_rented': 1}
 
