(venv) MacBook-Pro:lesson2 Tian$ python -m pdb charges_calc.py -i source.json -o output.json
> /Users/Tian/Documents/PythonClass/Tianx/SP_Python220B_2019/students/Tianx/Lesson2/charges_calc.py(1)<module>()
-> """
(Pdb) ll
  1  -> """
  2     Returns total price paid for individual rentals
  3     """
  4     import argparse
  5     import json
  6     import datetime
  7     import math
  8     import logging
  9     
 10     
 11     def parse_cmd_arguments():
 12         parser = argparse.ArgumentParser(description='Process some integers.')
 13         parser.add_argument('-i', '--input', help='input JSON file', required=True)
 14         parser.add_argument('-o', '--output', help='ouput JSON file', required=True)
 15         parser.add_argument('-d', '--debug', help='input debug', required=False,
 16                             type=int, default=0)
 17     
 18         return parser.parse_args()
 19     
 20     
 21     def load_rentals_file(filename):
 22         with open(filename) as file:
 23             try:
 24                 data = json.load(file)
 25             except:
 26                 exit(0)
 27         return data
 28     
 29     
 30     
 31     def calculate_additional_fields(data):
 32         for value in data.values():
 33             try:
 34                 rental_start = datetime.datetime.strptime(value['rental_start'], '%m/%d/%y')
 35                 rental_end = datetime.datetime.strptime(value['rental_end'], '%m/%d/%y')
 36                 value['total_days'] = (rental_end - rental_start).days
 37                 value['total_price'] = value['total_days'] * value['price_per_day']
 38                 value['sqrt_total_price'] = math.sqrt(value['total_price'])
 39                 value['unit_cost'] = value['total_price'] / value['units_rented']
 40             except:
 41                 exit(0)
 42     
 43         return data
 44     
 45     
 46     def save_to_json(filename, data):
 47         with open(filename, 'w') as file:
 48             json.dump(data, file)
 49     
 50     
 51     if __name__ == "__main__":
 52         args = parse_cmd_arguments()
 53         data = load_rentals_file(args.input)
 54         data = calculate_additional_fields(data)
 55         save_to_json(args.output, data)
(Pdb) b 52
Breakpoint 1 at /Users/Tian/Documents/PythonClass/Tianx/SP_Python220B_2019/students/Tianx/Lesson2/charges_calc.py:52
(Pdb) c
> /Users/Tian/Documents/PythonClass/Tianx/SP_Python220B_2019/students/Tianx/Lesson2/charges_calc.py(52)<module>()
-> args = parse_cmd_arguments()
(Pdb) s
--Call--
> /Users/Tian/Documents/PythonClass/Tianx/SP_Python220B_2019/students/Tianx/Lesson2/charges_calc.py(11)parse_cmd_arguments()
-> def parse_cmd_arguments():
(Pdb) n
> /Users/Tian/Documents/PythonClass/Tianx/SP_Python220B_2019/students/Tianx/Lesson2/charges_calc.py(12)parse_cmd_arguments()
-> parser = argparse.ArgumentParser(description='Process some integers.')
(Pdb) n
> /Users/Tian/Documents/PythonClass/Tianx/SP_Python220B_2019/students/Tianx/Lesson2/charges_calc.py(13)parse_cmd_arguments()
-> parser.add_argument('-i', '--input', help='input JSON file', required=True)
(Pdb) n
> /Users/Tian/Documents/PythonClass/Tianx/SP_Python220B_2019/students/Tianx/Lesson2/charges_calc.py(14)parse_cmd_arguments()
-> parser.add_argument('-o', '--output', help='ouput JSON file', required=True)
(Pdb) n
> /Users/Tian/Documents/PythonClass/Tianx/SP_Python220B_2019/students/Tianx/Lesson2/charges_calc.py(15)parse_cmd_arguments()
-> parser.add_argument('-d', '--debug', help='input debug', required=False,
(Pdb) n
> /Users/Tian/Documents/PythonClass/Tianx/SP_Python220B_2019/students/Tianx/Lesson2/charges_calc.py(16)parse_cmd_arguments()
-> type=int, default=0)
(Pdb) n
> /Users/Tian/Documents/PythonClass/Tianx/SP_Python220B_2019/students/Tianx/Lesson2/charges_calc.py(15)parse_cmd_arguments()
-> parser.add_argument('-d', '--debug', help='input debug', required=False,
(Pdb) n
> /Users/Tian/Documents/PythonClass/Tianx/SP_Python220B_2019/students/Tianx/Lesson2/charges_calc.py(18)parse_cmd_arguments()
-> return parser.parse_args()
(Pdb) n
--Return--
> /Users/Tian/Documents/PythonClass/Tianx/SP_Python220B_2019/students/Tianx/Lesson2/charges_calc.py(18)parse_cmd_arguments()->Namespace(deb...'output.json')
-> return parser.parse_args()
(Pdb) n
> /Users/Tian/Documents/PythonClass/Tianx/SP_Python220B_2019/students/Tianx/Lesson2/charges_calc.py(53)<module>()
-> data = load_rentals_file(args.input)
(Pdb) s
--Call--
> /Users/Tian/Documents/PythonClass/Tianx/SP_Python220B_2019/students/Tianx/Lesson2/charges_calc.py(21)load_rentals_file()
-> def load_rentals_file(filename):
(Pdb) n
> /Users/Tian/Documents/PythonClass/Tianx/SP_Python220B_2019/students/Tianx/Lesson2/charges_calc.py(22)load_rentals_file()
-> with open(filename) as file:
(Pdb) n
> /Users/Tian/Documents/PythonClass/Tianx/SP_Python220B_2019/students/Tianx/Lesson2/charges_calc.py(23)load_rentals_file()
-> try:
(Pdb) n
> /Users/Tian/Documents/PythonClass/Tianx/SP_Python220B_2019/students/Tianx/Lesson2/charges_calc.py(24)load_rentals_file()
-> data = json.load(file)
(Pdb) n
> /Users/Tian/Documents/PythonClass/Tianx/SP_Python220B_2019/students/Tianx/Lesson2/charges_calc.py(27)load_rentals_file()
-> return data
(Pdb) n
--Return--
> /Users/Tian/Documents/PythonClass/Tianx/SP_Python220B_2019/students/Tianx/Lesson2/charges_calc.py(27)load_rentals_file()->{'RNT001': {'price_per_day': 31, 'product_code': 'PRD80', 'rental_end': '3/22/17', 'rental_start': '6/12/17', ...}, 'RNT002': {'price_per_day': 16, 'product_code': 'PRD11', 'rental_end': '9/30/18', 'rental_start': '7/20/16', ...}, 'RNT003': {'price_per_day': 40, 'product_code': 'PRD22', 'rental_end': '6/4/17', 'rental_start': '2/1/16', ...}, 'RNT004': {'price_per_day': 40, 'product_code': 'PRD86', 'rental_end': '12/7/17', 'rental_start': '8/14/16', ...}, ...}
-> return data
(Pdb) n
> /Users/Tian/Documents/PythonClass/Tianx/SP_Python220B_2019/students/Tianx/Lesson2/charges_calc.py(54)<module>()
-> data = calculate_additional_fields(data)
(Pdb) s
--Call--
> /Users/Tian/Documents/PythonClass/Tianx/SP_Python220B_2019/students/Tianx/Lesson2/charges_calc.py(31)calculate_additional_fields()
-> def calculate_additional_fields(data):
(Pdb) n
> /Users/Tian/Documents/PythonClass/Tianx/SP_Python220B_2019/students/Tianx/Lesson2/charges_calc.py(32)calculate_additional_fields()
-> for value in data.values():
(Pdb) n
> /Users/Tian/Documents/PythonClass/Tianx/SP_Python220B_2019/students/Tianx/Lesson2/charges_calc.py(33)calculate_additional_fields()
-> try:
(Pdb) n
> /Users/Tian/Documents/PythonClass/Tianx/SP_Python220B_2019/students/Tianx/Lesson2/charges_calc.py(34)calculate_additional_fields()
-> rental_start = datetime.datetime.strptime(value['rental_start'], '%m/%d/%y')
(Pdb) pp rental_start
*** NameError: name 'rental_start' is not defined
(Pdb) n
> /Users/Tian/Documents/PythonClass/Tianx/SP_Python220B_2019/students/Tianx/Lesson2/charges_calc.py(35)calculate_additional_fields()
-> rental_end = datetime.datetime.strptime(value['rental_end'], '%m/%d/%y')
(Pdb) pp rental_start
datetime.datetime(2017, 6, 12, 0, 0)
(Pdb) n
> /Users/Tian/Documents/PythonClass/Tianx/SP_Python220B_2019/students/Tianx/Lesson2/charges_calc.py(36)calculate_additional_fields()
-> value['total_days'] = (rental_end - rental_start).days
(Pdb) pp rental_end
datetime.datetime(2017, 3, 22, 0, 0)
(Pdb) n
> /Users/Tian/Documents/PythonClass/Tianx/SP_Python220B_2019/students/Tianx/Lesson2/charges_calc.py(37)calculate_additional_fields()
-> value['total_price'] = value['total_days'] * value['price_per_day']
(Pdb) pp value
{'price_per_day': 31,
 'product_code': 'PRD80',
 'rental_end': '3/22/17',
 'rental_start': '6/12/17',
 'total_days': -82,
 'units_rented': 8}
(Pdb) n
> /Users/Tian/Documents/PythonClass/Tianx/SP_Python220B_2019/students/Tianx/Lesson2/charges_calc.py(38)calculate_additional_fields()
-> value['sqrt_total_price'] = math.sqrt(value['total_price'])
(Pdb) pp value
{'price_per_day': 31,
 'product_code': 'PRD80',
 'rental_end': '3/22/17',
 'rental_start': '6/12/17',
 'total_days': -82,
 'total_price': -2542,
 'units_rented': 8}
(Pdb) n
ValueError: math domain error
> /Users/Tian/Documents/PythonClass/Tianx/SP_Python220B_2019/students/Tianx/Lesson2/charges_calc.py(38)calculate_additional_fields()
-> value['sqrt_total_price'] = math.sqrt(value['total_price'])
(Pdb) pp value
{'price_per_day': 31,
 'product_code': 'PRD80',
 'rental_end': '3/22/17',
 'rental_start': '6/12/17',
 'total_days': -82,
 'total_price': -2542,
 'units_rented': 8}
(Pdb) n
> /Users/Tian/Documents/PythonClass/Tianx/SP_Python220B_2019/students/Tianx/Lesson2/charges_calc.py(40)calculate_additional_fields()
-> except:
(Pdb) n
> /Users/Tian/Documents/PythonClass/Tianx/SP_Python220B_2019/students/Tianx/Lesson2/charges_calc.py(41)calculate_additional_fields()
-> exit(0)
(Pdb) q
(venv) MacBook-Pro:lesson2 Tian$ python -m pdb charges_calc.py -i source.json -o output.json
> /Users/Tian/Documents/PythonClass/Tianx/SP_Python220B_2019/students/Tianx/Lesson2/charges_calc.py(1)<module>()
-> """
(Pdb) ll
  1  -> """
  2     Returns total price paid for individual rentals
  3     """
  4     import argparse
  5     import json
  6     import datetime
  7     import math
  8     import logging
  9     
 10     
 11     def parse_cmd_arguments():
 12         parser = argparse.ArgumentParser(description='Process some integers.')
 13         parser.add_argument('-i', '--input', help='input JSON file', required=True)
 14         parser.add_argument('-o', '--output', help='ouput JSON file', required=True)
 15         parser.add_argument('-d', '--debug', help='input debug', required=False,
 16                             type=int, default=0)
 17     
 18         return parser.parse_args()
 19     
 20     
 21     def load_rentals_file(filename):
 22         with open(filename) as file:
 23             try:
 24                 data = json.load(file)
 25             except:
 26                 exit(0)
 27         return data
 28     
 29     
 30     
 31     def calculate_additional_fields(data):
 32         for value in data.values():
 33             try:
 34                 rental_start = datetime.datetime.strptime(value['rental_start'], '%m/%d/%y')
 35                 rental_end = datetime.datetime.strptime(value['rental_end'], '%m/%d/%y')
 36                 value['total_days'] = (rental_end - rental_start).days
 37                 value['total_price'] = value['total_days'] * value['price_per_day']
 38                 value['sqrt_total_price'] = math.sqrt(value['total_price'])
 39                 value['unit_cost'] = value['total_price'] / value['units_rented']
 40             except:
 41                 exit(0)
 42     
 43         return data
 44     
 45     
 46     def save_to_json(filename, data):
 47         with open(filename, 'w') as file:
 48             json.dump(data, file)
 49     
 50     
 51     if __name__ == "__main__":
 52         args = parse_cmd_arguments()
 53         data = load_rentals_file(args.input)
 54         data = calculate_additional_fields(data)
 55         save_to_json(args.output, data)
(Pdb) b 38
Breakpoint 1 at /Users/Tian/Documents/PythonClass/Tianx/SP_Python220B_2019/students/Tianx/Lesson2/charges_calc.py:38
(Pdb) c
> /Users/Tian/Documents/PythonClass/Tianx/SP_Python220B_2019/students/Tianx/Lesson2/charges_calc.py(38)calculate_additional_fields()
-> value['sqrt_total_price'] = math.sqrt(value['total_price'])
(Pdb) n
ValueError: math domain error
> /Users/Tian/Documents/PythonClass/Tianx/SP_Python220B_2019/students/Tianx/Lesson2/charges_calc.py(38)calculate_additional_fields()
-> value['sqrt_total_price'] = math.sqrt(value['total_price'])
(Pdb) pp value
{'price_per_day': 31,
 'product_code': 'PRD80',
 'rental_end': '3/22/17',
 'rental_start': '6/12/17',
 'total_days': -82,
 'total_price': -2542,
 'units_rented': 8}
(Pdb) n
> /Users/Tian/Documents/PythonClass/Tianx/SP_Python220B_2019/students/Tianx/Lesson2/charges_calc.py(40)calculate_additional_fields()
-> except:
