C:\>cd projectscratchspace

C:\ProjectScratchSpace>python -m pdb charges_calc.py -i source.json -o output.json
> c:\projectscratchspace\charges_calc.py(3)<module>()
-> """
(Pdb) ll
  1     """
  2     Returns total price paid for individual rentals
  3  -> """
  4     # Corrected docstring format
  5     import argparse
  6     import json
  7     import datetime
  8     import math
  9
 10
 11     def parse_cmd_arguments():
 12         parser = argparse.ArgumentParser(description='Process some integers.')
 13         parser.add_argument('-i', '--input', help='input JSON file', required=True)
 14         parser.add_argument('-o', '--output', help='output JSON file', required=True)
 15
 16         return parser.parse_args()
 17
 18
 19     def load_rentals_file(filename):
 20         with open(filename) as file:
 21             try:
 22                 data = json.load(file)
 23             except:
 24                 exit(0)
 25         return data
 26
 27
 28     def calculate_additional_fields(data):
 29         for value in data.values():
 30             try:
 31                 rental_start = datetime.datetime.strptime(value['rental_start'], '%m/%d/%y')
 32                 rental_end = datetime.datetime.strptime(value['rental_end'], '%m/%d/%y')
 33                 value['total_days'] = (rental_end - rental_start).days
 34                 value['total_price'] = value['total_days'] * value['price_per_day']
 35                 value['sqrt_total_price'] = math.sqrt(value['total_price'])
 36                 value['unit_cost'] = value['total_price'] / value['units_rented']
 37             except:
 38                 exit(0)
 39
 40         return data
 41
 42
 43     def save_to_json(filename, data):
 44         with open(filename, 'w') as file:
 45             json.dump(data, file)
 46
 47
 48     if __name__ == "__main__":
 49         args = parse_cmd_arguments()
 50         data = load_rentals_file(args.input)
 51         data = calculate_additional_fields(data)
 52         save_to_json(args.output, data)
(Pdb) n
> c:\projectscratchspace\charges_calc.py(5)<module>()
-> import argparse
(Pdb) n
> c:\projectscratchspace\charges_calc.py(6)<module>()
-> import json
(Pdb) n
> c:\projectscratchspace\charges_calc.py(7)<module>()
-> import datetime
(Pdb) n
> c:\projectscratchspace\charges_calc.py(8)<module>()
-> import math
(Pdb) n
> c:\projectscratchspace\charges_calc.py(11)<module>()
-> def parse_cmd_arguments():
(Pdb) n
> c:\projectscratchspace\charges_calc.py(19)<module>()
-> def load_rentals_file(filename):
(Pdb) n
> c:\projectscratchspace\charges_calc.py(28)<module>()
-> def calculate_additional_fields(data):
(Pdb) n
> c:\projectscratchspace\charges_calc.py(43)<module>()
-> def save_to_json(filename, data):
(Pdb) n
> c:\projectscratchspace\charges_calc.py(48)<module>()
-> if __name__ == "__main__":
(Pdb) n
> c:\projectscratchspace\charges_calc.py(49)<module>()
-> args = parse_cmd_arguments()
(Pdb) n
> c:\projectscratchspace\charges_calc.py(50)<module>()
-> data = load_rentals_file(args.input)
(Pdb) n
> c:\projectscratchspace\charges_calc.py(51)<module>()
-> data = calculate_additional_fields(data)
(Pdb) n
SystemExit: 0
> c:\projectscratchspace\charges_calc.py(51)<module>()
-> data = calculate_additional_fields(data)
(Pdb) n
--Return--
> c:\projectscratchspace\charges_calc.py(51)<module>()->None
-> data = calculate_additional_fields(data)
(Pdb)
SystemExit: 0
> <string>(1)<module>()->None
(Pdb) n
--Return--
> <string>(1)<module>()->None
(Pdb) n
The program exited via sys.exit(). Exit status: 0
> c:\projectscratchspace\charges_calc.py(3)<module>()
-> """
(Pdb) n
> c:\projectscratchspace\charges_calc.py(5)<module>()
-> import argparse
(Pdb) n
> c:\projectscratchspace\charges_calc.py(6)<module>()
-> import json
(Pdb) n
> c:\projectscratchspace\charges_calc.py(7)<module>()
-> import datetime
(Pdb) n
> c:\projectscratchspace\charges_calc.py(8)<module>()
-> import math
(Pdb) n
> c:\projectscratchspace\charges_calc.py(11)<module>()
-> def parse_cmd_arguments():
(Pdb) n
> c:\projectscratchspace\charges_calc.py(19)<module>()
-> def load_rentals_file(filename):
(Pdb) n
> c:\projectscratchspace\charges_calc.py(28)<module>()
-> def calculate_additional_fields(data):
(Pdb) n
> c:\projectscratchspace\charges_calc.py(43)<module>()
-> def save_to_json(filename, data):
(Pdb) n
> c:\projectscratchspace\charges_calc.py(48)<module>()
-> if __name__ == "__main__":
(Pdb) n
> c:\projectscratchspace\charges_calc.py(49)<module>()
-> args = parse_cmd_arguments()
(Pdb) s
--Call--
> c:\projectscratchspace\charges_calc.py(11)parse_cmd_arguments()
-> def parse_cmd_arguments():
(Pdb) n
> c:\projectscratchspace\charges_calc.py(12)parse_cmd_arguments()
-> parser = argparse.ArgumentParser(description='Process some integers.')
(Pdb) n
> c:\projectscratchspace\charges_calc.py(13)parse_cmd_arguments()
-> parser.add_argument('-i', '--input', help='input JSON file', required=True)
(Pdb) n
> c:\projectscratchspace\charges_calc.py(14)parse_cmd_arguments()
-> parser.add_argument('-o', '--output', help='output JSON file', required=True)
(Pdb) n
> c:\projectscratchspace\charges_calc.py(16)parse_cmd_arguments()
-> return parser.parse_args()
(Pdb) n
--Return--
> c:\projectscratchspace\charges_calc.py(16)parse_cmd_arguments()->Namespace(inp...'output.json')
-> return parser.parse_args()
(Pdb) n
> c:\projectscratchspace\charges_calc.py(50)<module>()
-> data = load_rentals_file(args.input)
(Pdb) s
--Call--
> c:\projectscratchspace\charges_calc.py(19)load_rentals_file()
-> def load_rentals_file(filename):
(Pdb) n
> c:\projectscratchspace\charges_calc.py(20)load_rentals_file()
-> with open(filename) as file:
(Pdb) pp filename
'source.json'
(Pdb) n
> c:\projectscratchspace\charges_calc.py(21)load_rentals_file()
-> try:
(Pdb) n
> c:\projectscratchspace\charges_calc.py(22)load_rentals_file()
-> data = json.load(file)
(Pdb) n
> c:\projectscratchspace\charges_calc.py(25)load_rentals_file()
-> return data
(Pdb) n
--Return--
> c:\projectscratchspace\charges_calc.py(25)load_rentals_file()->{'RNT001': {'price_per_day': 31, 'product_code': 'PRD80', 'rental_end': '3/22/17', 'rental_start': '6/12/17', ...}, 'RNT002': {'price_per_day': 16, 'product_code': 'PRD11', 'rental_end': '9/30/18', 'rental_start': '7/20/16', ...}, 'RNT003': {'price_per_day': 40, 'product_code': 'PRD22', 'rental_end': '6/4/17', 'rental_start': '2/1/16', ...}, 'RNT004': {'price_per_day': 40, 'product_code': 'PRD86', 'rental_end': '12/7/17', 'rental_start': '8/14/16', ...}, ...}
-> return data
(Pdb) n
> c:\projectscratchspace\charges_calc.py(51)<module>()
-> data = calculate_additional_fields(data)
(Pdb) s
--Call--
> c:\projectscratchspace\charges_calc.py(28)calculate_additional_fields()
-> def calculate_additional_fields(data):
(Pdb) n
> c:\projectscratchspace\charges_calc.py(29)calculate_additional_fields()
-> for value in data.values():
(Pdb) n
> c:\projectscratchspace\charges_calc.py(30)calculate_additional_fields()
-> try:
(Pdb) n
> c:\projectscratchspace\charges_calc.py(31)calculate_additional_fields()
-> rental_start = datetime.datetime.strptime(value['rental_start'], '%m/%d/%y')
(Pdb) n
> c:\projectscratchspace\charges_calc.py(32)calculate_additional_fields()
-> rental_end = datetime.datetime.strptime(value['rental_end'], '%m/%d/%y')
(Pdb) n
> c:\projectscratchspace\charges_calc.py(33)calculate_additional_fields()
-> value['total_days'] = (rental_end - rental_start).days
(Pdb) n
> c:\projectscratchspace\charges_calc.py(34)calculate_additional_fields()
-> value['total_price'] = value['total_days'] * value['price_per_day']
(Pdb) n
> c:\projectscratchspace\charges_calc.py(35)calculate_additional_fields()
-> value['sqrt_total_price'] = math.sqrt(value['total_price'])
(Pdb) n
ValueError: math domain error
> c:\projectscratchspace\charges_calc.py(35)calculate_additional_fields()
-> value['sqrt_total_price'] = math.sqrt(value['total_price'])
(Pdb) exit
The program exited via sys.exit(). Exit status: 0
> c:\projectscratchspace\charges_calc.py(3)<module>()
-> """
(Pdb) exit

C:\ProjectScratchSpace>python -m pdb charges_calc.py -i source.json -o output.json
> c:\projectscratchspace\charges_calc.py(3)<module>()
-> """
(Pdb) b 34
Breakpoint 1 at c:\projectscratchspace\charges_calc.py:34
(Pdb) c
> c:\projectscratchspace\charges_calc.py(34)calculate_additional_fields()
-> value['total_days'] = (rental_end - rental_start).days
(Pdb) pp value
{'price_per_day': 31,
 'product_code': 'PRD80',
 'rental_end': '3/22/17',
 'rental_start': '6/12/17',
 'units_rented': 8}
(Pdb) n
> c:\projectscratchspace\charges_calc.py(35)calculate_additional_fields()
-> value['total_price'] = value['total_days'] * value['price_per_day']
(Pdb) pp value
{'price_per_day': 31,
 'product_code': 'PRD80',
 'rental_end': '3/22/17',
 'rental_start': '6/12/17',
 'total_days': -82,
 'units_rented': 8}
(Pdb) n
> c:\projectscratchspace\charges_calc.py(36)calculate_additional_fields()
-> value['sqrt_total_price'] = math.sqrt(value['total_price'])
(Pdb) pp value
{'price_per_day': 31,
 'product_code': 'PRD80',
 'rental_end': '3/22/17',
 'rental_start': '6/12/17',
 'total_days': -82,
 'total_price': -2542,
 'units_rented': 8}
(Pdb) n
ValueError: math domain error
> c:\projectscratchspace\charges_calc.py(36)calculate_additional_fields()
-> value['sqrt_total_price'] = math.sqrt(value['total_price'])
(Pdb) exit

C:\ProjectScratchSpace>python -m pdb charges_calc.py -i testsource.json -o output.json
> c:\projectscratchspace\charges_calc.py(3)<module>()
-> """
(Pdb) n
> c:\projectscratchspace\charges_calc.py(5)<module>()
-> import argparse
(Pdb) n
> c:\projectscratchspace\charges_calc.py(6)<module>()
-> import json
(Pdb) n
> c:\projectscratchspace\charges_calc.py(7)<module>()
-> import datetime
(Pdb) n
> c:\projectscratchspace\charges_calc.py(8)<module>()
-> import math
(Pdb) n
> c:\projectscratchspace\charges_calc.py(12)<module>()
-> def parse_cmd_arguments():
(Pdb) n
> c:\projectscratchspace\charges_calc.py(20)<module>()
-> def load_rentals_file(filename):
(Pdb) n
> c:\projectscratchspace\charges_calc.py(29)<module>()
-> def calculate_additional_fields(data):
(Pdb) n
> c:\projectscratchspace\charges_calc.py(47)<module>()
-> def save_to_json(filename, data):
(Pdb) n
> c:\projectscratchspace\charges_calc.py(52)<module>()
-> if __name__ == "__main__":
(Pdb) n
> c:\projectscratchspace\charges_calc.py(53)<module>()
-> args = parse_cmd_arguments()
(Pdb) n
> c:\projectscratchspace\charges_calc.py(54)<module>()
-> data = load_rentals_file(args.input)
(Pdb) n
SystemExit: 0
> c:\projectscratchspace\charges_calc.py(54)<module>()
-> data = load_rentals_file(args.input)
(Pdb) n
--Return--
> c:\projectscratchspace\charges_calc.py(54)<module>()->None
-> data = load_rentals_file(args.input)
(Pdb) n
SystemExit: 0
> <string>(1)<module>()->None
(Pdb)
--Return--
> <string>(1)<module>()->None
(Pdb) exit

C:\ProjectScratchSpace>python -m pdb charges_calc.py -i testsource.json -o output.json
> c:\projectscratchspace\charges_calc.py(3)<module>()
-> """
(Pdb) b 52
Breakpoint 1 at c:\projectscratchspace\charges_calc.py:52
(Pdb) c
> c:\projectscratchspace\charges_calc.py(52)<module>()
-> if __name__ == "__main__":
(Pdb) n
> c:\projectscratchspace\charges_calc.py(53)<module>()
-> args = parse_cmd_arguments()
(Pdb) n
> c:\projectscratchspace\charges_calc.py(54)<module>()
-> data = load_rentals_file(args.input)
(Pdb) n
> c:\projectscratchspace\charges_calc.py(55)<module>()
-> data = calculate_additional_fields(data)
(Pdb) n
> c:\projectscratchspace\charges_calc.py(56)<module>()
-> save_to_json(args.output, data)
(Pdb) n
--Return--
> c:\projectscratchspace\charges_calc.py(56)<module>()->None
-> save_to_json(args.output, data)
(Pdb) n
--Return--
> <string>(1)<module>()->None
(Pdb) exit

C:\ProjectScratchSpace>python -m pdb charges_calc.py -i testsource.json -o output.json
> c:\projectscratchspace\charges_calc.py(3)<module>()
-> """
(Pdb) b 52
Breakpoint 1 at c:\projectscratchspace\charges_calc.py:52
(Pdb) c
> c:\projectscratchspace\charges_calc.py(52)<module>()
-> save_to_json(args.output, data)
(Pdb) n
--Return--
> c:\projectscratchspace\charges_calc.py(52)<module>()->None
-> save_to_json(args.output, data)
(Pdb) pp data
{'RNT002': {'price_per_day': 16,
            'product_code': 'PRD11',
            'rental_end': '9/30/18',
            'rental_start': '7/20/16',
            'sqrt_total_price': 113.27841806805037,
            'total_days': 802,
            'total_price': 12832,
            'unit_cost': 12832.0,
            'units_rented': 1},
 'RNT003': {'price_per_day': 40,
            'product_code': 'PRD22',
            'rental_end': '6/4/17',
            'rental_start': '2/1/16',
            'sqrt_total_price': 139.85706989637671,
            'total_days': 489,
            'total_price': 19560,
            'unit_cost': 4890.0,
            'units_rented': 4},
 'RNT004': {'price_per_day': 40,
            'product_code': 'PRD86',
            'rental_end': '12/7/17',
            'rental_start': '8/14/16',
            'sqrt_total_price': 138.5640646055102,
            'total_days': 480,
            'total_price': 19200,
            'unit_cost': 3200.0,
            'units_rented': 6}}
(Pdb) n
--Return--
> <string>(1)<module>()->None
(Pdb) n
The program finished and will be restarted
> c:\projectscratchspace\charges_calc.py(3)<module>()
-> """
(Pdb) exit

C:\ProjectScratchSpace>

